[BEGIN GLOBALS]
[END GLOBALS]
[BEGIN main LOCALS]
a (local var of 8 bytes)
tmp0 (tmp var of 8 bytes)
tmp1 (tmp var of 8 bytes)
tmp2 (tmp var of 8 bytes)
tmp3 (tmp var of 8 bytes)
[END main LOCALS]
main:       enter main
            [a] := 5
            [tmp0] := [a] ADD64 1
            [a] := [tmp0]
            [tmp1] := [a] SUB64 1
            [a] := [tmp1]
            [tmp2] := [a] MULT64 1
            [a] := [tmp2]
            [tmp3] := [a] DIV64 1
            [a] := [tmp3]
lbl_0:      leave main
