[BEGIN GLOBALS]
[END GLOBALS]
[BEGIN main LOCALS]
b (local var of 8 bytes)
tmp0 (tmp var of 8 bytes)
tmp1 (tmp var of 8 bytes)
tmp2 (tmp var of 8 bytes)
[END main LOCALS]
main:       enter main
            [b] := 1
            [b] := 0
            [tmp0] := NOT8 [b]
            [b] := [tmp0]
            [tmp1] := [b] AND8 [b]
            [b] := [tmp1]
            [tmp2] := [b] OR8 [b]
            [b] := [tmp2]
lbl_0:      leave main
